{"label":"TestRun","level":"error","message":"✗ FAIL (0s)  › chromium › e2e\\login.spec.ts › Login — Functional › login page renders email input, password input, and submit button","timestamp":"2026-05-18 11:28:23"}
{"label":"TestRun","level":"error","message":"  Error: Error: browserType.connect: Executable doesn't exist at C:\\Users\\HP\\AppData\\Local\\ms-playwright\\chromium-1223\\chrome-win64\\chrome.exe\n╔════════════════════════════════════════════════════════════╗\n║ Looks like Playwright was just installed or updated.       ║\n║ Please run the following command to download new browsers: ║\n║                                                            ║\n║     npx playwright install                                 ║\n║                                                            ║\n║ <3 Playwright Team                                         ║\n╚════════════════════════════════════════════════════════════╝","timestamp":"2026-05-18 11:28:23"}
{"label":"TestRun","level":"error","message":"✗ FAIL (0s)  › chromium › e2e\\login.spec.ts › Login — Functional › user logs in with valid credentials and lands on MY PLAN page","timestamp":"2026-05-18 11:28:25"}
{"label":"TestRun","level":"error","message":"  Error: Error: browserType.connect: Executable doesn't exist at C:\\Users\\HP\\AppData\\Local\\ms-playwright\\chromium-1223\\chrome-win64\\chrome.exe\n╔════════════════════════════════════════════════════════════╗\n║ Looks like Playwright was just installed or updated.       ║\n║ Please run the following command to download new browsers: ║\n║                                                            ║\n║     npx playwright install                                 ║\n║                                                            ║\n║ <3 Playwright Team                                         ║\n╚════════════════════════════════════════════════════════════╝","timestamp":"2026-05-18 11:28:25"}
{"label":"TestRun","level":"error","message":"✗ FAIL (3s)  › chromium › e2e\\login.spec.ts › Login — Regression › wrong credentials shows error and stays on /log-in","timestamp":"2026-05-18 16:42:21"}
{"label":"TestRun","level":"error","message":"  Error: Error: page.goto: net::ERR_CONNECTION_REFUSED at http://localhost:3000/log-in\nCall log:\n\u001b[2m  - navigating to \"http://localhost:3000/log-in\", waiting until \"domcontentloaded\"\u001b[22m\n","timestamp":"2026-05-18 16:42:21"}
{"label":"TestRun","level":"error","message":"✗ FAIL (0s)  › chromium › e2e\\login.spec.ts › Login — Regression › empty email field blocks submission","timestamp":"2026-05-18 16:42:25"}
{"label":"TestRun","level":"error","message":"  Error: Error: page.goto: net::ERR_CONNECTION_REFUSED at http://localhost:3000/log-in\nCall log:\n\u001b[2m  - navigating to \"http://localhost:3000/log-in\", waiting until \"domcontentloaded\"\u001b[22m\n","timestamp":"2026-05-18 16:42:25"}
{"label":"TestRun","level":"error","message":"✗ FAIL (3s)  › chromium › e2e\\login.spec.ts › Login — Regression › empty password field blocks submission","timestamp":"2026-05-18 16:42:31"}
{"label":"TestRun","level":"error","message":"  Error: Error: page.goto: net::ERR_CONNECTION_REFUSED at http://localhost:3000/log-in\nCall log:\n\u001b[2m  - navigating to \"http://localhost:3000/log-in\", waiting until \"domcontentloaded\"\u001b[22m\n","timestamp":"2026-05-18 16:42:31"}
{"label":"TestRun","level":"error","message":"✗ FAIL (4s)  › chromium › e2e\\login.spec.ts › Login — Regression › malformed email blocks submission","timestamp":"2026-05-18 16:42:38"}
{"label":"TestRun","level":"error","message":"  Error: Error: page.goto: net::ERR_CONNECTION_REFUSED at http://localhost:3000/log-in\nCall log:\n\u001b[2m  - navigating to \"http://localhost:3000/log-in\", waiting until \"domcontentloaded\"\u001b[22m\n","timestamp":"2026-05-18 16:42:38"}
{"label":"TestRun","level":"error","message":"✗ FAIL (4s)  › chromium › e2e\\login.spec.ts › Login — Regression › Forgot Email? link navigates to /auth/forgot-email","timestamp":"2026-05-18 16:42:45"}
{"label":"TestRun","level":"error","message":"  Error: Error: page.goto: net::ERR_CONNECTION_REFUSED at http://localhost:3000/log-in\nCall log:\n\u001b[2m  - navigating to \"http://localhost:3000/log-in\", waiting until \"domcontentloaded\"\u001b[22m\n","timestamp":"2026-05-18 16:42:45"}
{"label":"TestRun","level":"error","message":"✗ FAIL (4s)  › chromium › e2e\\login.spec.ts › Login — Regression › Sign Up tab navigates to /register","timestamp":"2026-05-18 16:42:51"}
{"label":"TestRun","level":"error","message":"  Error: Error: page.goto: net::ERR_CONNECTION_REFUSED at http://localhost:3000/log-in\nCall log:\n\u001b[2m  - navigating to \"http://localhost:3000/log-in\", waiting until \"domcontentloaded\"\u001b[22m\n","timestamp":"2026-05-18 16:42:51"}
{"label":"TestRun","level":"error","message":"✗ FAIL (3s)  › chromium › accessibility\\a11y.spec.ts › Accessibility Audit › Login page meets WCAG 2.1 AA","timestamp":"2026-05-18 17:36:35"}
{"label":"TestRun","level":"error","message":"  Error: Error: page.goto: net::ERR_CONNECTION_REFUSED at http://localhost:3000/log-in\nCall log:\n\u001b[2m  - navigating to \"http://localhost:3000/log-in\", waiting until \"domcontentloaded\"\u001b[22m\n","timestamp":"2026-05-18 17:36:35"}
{"label":"TestRun","level":"error","message":"✗ FAIL (3s)  › chromium › e2e\\login.spec.ts › Login — Functional › login page renders email input, password input, and submit button","timestamp":"2026-05-19 14:24:21"}
{"label":"TestRun","level":"error","message":"  Error: Error: page.goto: net::ERR_CONNECTION_REFUSED at http://localhost:3000/log-in\nCall log:\n\u001b[2m  - navigating to \"http://localhost:3000/log-in\", waiting until \"domcontentloaded\"\u001b[22m\n","timestamp":"2026-05-19 14:24:21"}
